[17:26:36.141] Loading script sqlifuzz/mitmproxy_addon.py
[17:26:36.282] [CONFIG] A config file from configs/config-general.yaml is loaded.
[17:26:36.283] [HOOK] Idle shutdown monitor started. Will check after 60s initial wait...
[17:26:36.283] [HOOK] Idle shutdown monitor scheduled (timeout: 120s)
[17:26:36.283] Starting Time: 2026-10-02 17:26:36.259472
[17:26:36.283] Start MITM Addon with 10 max concurrent fuzzing tasks
[17:26:36.284] [HOOK] Number response: 0 | Memory usage (MB): 80.984375 PID: 42262
[17:26:36.284] [STATS] {'total_req': 0, 'sql_req': 0, 'null_req': 0, 'not_sql_req': 0, 'sql_injection_detected': 0, 'another_sql_error_detected': 0, 'sql_req_not_detected': 0, 'error_req': 0, 'fuzzed_req': 0, 'processing_time_total': 0.0, 'processing_time_ave': 0.0, 'running_time': 'Not finished yet'}
[17:26:36.285] reverse proxy to http://localhost:8081 listening at *:8888.
[17:26:42.460][127.0.0.1:54864] client connect
[17:26:42.465][127.0.0.1:54864] server connect localhost:8081 (127.0.0.1:8081)
[17:26:48.334][127.0.0.1:54868] client connect
[17:26:48.335][127.0.0.1:54864] client disconnect
[17:26:48.336][127.0.0.1:54864] server disconnect localhost:8081 (127.0.0.1:8081)
[17:26:48.337][127.0.0.1:54868] server connect localhost:8081 (127.0.0.1:8081)
[17:26:48.357] [HOOK 3f0] Check GET http://localhost:8081/a2_control.php || 
[17:26:48.357] [HTTPREQUEST 3f0] Converting Request Entry to HTTP Request: 2ed1530e-2bc0-4d93-9926-faa13f5753f0
[17:26:48.357] [HTTPREQUEST 3f0] No content-type is found
[17:26:49.359] [SQLAnalysis] Read 614 new lines from SQL log file.
[17:26:49.361] [SQLAnalysis] Appended 605 parsed entries.
[17:26:49.361] [SQLAnalysis 3f0] Extracted 605 Logs 2026-10-02 21:26:49.361302: [{'timestamp': '2026-10-02 21:26:48,348293', 'level': 'INFO', 'ip': '172.18.0.5', 'port': 56316, 'sql': 'USE db *#*#OK'}]
[17:26:49.366] [SQLAnalysis 3f0] Checking Request: GET http://localhost:8081/a2_control.php | ['[string (False)(None)] Sec-Fetch-Dest=document', '[string (False)(None)] Sec-Fetch-Mode=navigate', '[string (False)(None)] Sec-Fetch-Site=none', '[string (False)(None)] Sec-Fetch-User=?1', '[string (False)(None)] Priority=u=0, i', '[url (False)(None)] path0=a2_control.php'] | None
[17:26:49.366] [SQLAnalysis 3f0] Updated param pairs: {'Sec-Fetch-Dest': 'document', 'Sec-Fetch-Mode': 'navigate', 'Sec-Fetch-Site': 'none', 'Sec-Fetch-User': '?1', 'Priority': 'u=0, i', 'path0': 'a2_control.php'}
[17:26:49.366] [SQLAnalysis 3f0] Looked timestamp 2026-10-02 21:26:48.339000 -- 2026-10-02 21:26:48.355000
[17:26:49.370] [SQLAnalysis 3f0] query_array to be checked: ['use', 'db']
[17:26:49.370] [SQLAnalysis 3f0] normalized_query_array: ['use', 'db']
[17:26:49.370] [HTTPREQUEST 3f0] Getting null paramvals
[17:26:49.370] [HOOK 3f0] The request does not trigger SQL query. Drop it. GET http://localhost:8081/a2_control.php || 
127.0.0.1:54868: GET http://localhost:8081/a2_control.php
              << 200 OK 142b
[17:26:51.993] [HOOK 933] Check GET http://localhost:8081/a2_control.php?id=1&Submit=Submit || 
[17:26:51.994] [HTTPREQUEST 933] Converting Request Entry to HTTP Request: 583b6306-f6a3-4b54-8303-b7a58e23b933
[17:26:51.994] [HTTPREQUEST 933] No content-type is found
[17:26:52.995] [SQLAnalysis] Read 2 new lines from SQL log file.
[17:26:52.995] [SQLAnalysis] Appended 2 parsed entries.
[17:26:52.995] [SQLAnalysis 933] Extracted 607 Logs 2026-10-02 21:26:52.995937: [{'timestamp': '2026-10-02 21:26:51,990438', 'level': 'INFO', 'ip': '172.18.0.5', 'port': 44404, 'sql': 'SELECT first_name, last_name FROM users WHERE user_id = 1 *#*#Result Set'}]
[17:26:52.996] [SQLAnalysis 933] Checking Request: GET http://localhost:8081/a2_control.php | ['[string (False)(None)] Sec-Fetch-Dest=document', '[string (False)(None)] Sec-Fetch-Mode=navigate', '[string (False)(None)] Sec-Fetch-Site=same-origin', '[string (False)(None)] Sec-Fetch-User=?1', '[string (False)(None)] Priority=u=0, i', '[url (False)(None)] path0=a2_control.php', '[int (False)(None)] id=1', '[string (False)(None)] Submit=Submit'] | None
[17:26:52.996] [SQLAnalysis 933] Updated param pairs: {'Sec-Fetch-Dest': 'document', 'Sec-Fetch-Mode': 'navigate', 'Sec-Fetch-Site': 'same-origin', 'Sec-Fetch-User': '?1', 'Priority': 'u=0, i', 'path0': 'a2_control.php', 'id': '1', 'Submit': 'Submit'}
[17:26:52.996] [SQLAnalysis 933] Looked timestamp 2026-10-02 21:26:51.977000 -- 2026-10-02 21:26:51.993000
[17:26:53.006] [SQLAnalysis 933] query_array to be checked: ['use', 'db']
[17:26:53.006] [SQLAnalysis 933] normalized_query_array: ['use', 'db']
[17:26:53.007] [SQLAnalysis 933] query_array to be checked: ['select', 'first_name', 'last_name', 'from', 'users', 'where', 'user_id', '=', '1']
[17:26:53.007] [SQLAnalysis 933] normalized_query_array: ['select', 'firstname', 'lastname', 'from', 'users', 'where', 'userid', '', '1']
[17:26:53.007] [SQLAnalysis 933] Getting Sec-Fetch-User==>?1 [1] in ['select', 'firstname', 'lastname', 'from', 'users', 'where', 'userid', '', '1']
[17:26:53.007] [SQLAnalysis 933] Getting id==>1 [1] in ['select', 'firstname', 'lastname', 'from', 'users', 'where', 'userid', '', '1']
[17:26:53.007] [HOOK 933] Get matching queries: ['select first_name, last_name from users where user_id = 1 *#*#result set', 'select first_name, last_name from users where user_id = 1 *#*#result set'] from GET http://localhost:8081/a2_control.php?id=1&Submit=Submit || 
[17:26:53.007] [HOOK 933] Async callback triggered for: http://localhost:8081/a2_control.php?id=1&Submit=Submit
[HOOK 933] Starting fuzz http://localhost:8081/a2_control.php?id=1&Submit=Submit (pending: 1 requests)
[17:26:53.007] [HOOK 933] Starting fuzz (pending: 1)
[17:26:53.007] [SQLiFuzz 933] Calling send_requests for: http://localhost:8081/a2_control.php?id=1&Submit=Submit
[17:26:53.007] [SQLiFuzz 933] DEBUG Captured request body (truncated): 
[17:26:53.007] [SQLiFuzz 933] DEBUG Captured request headers: {'Host': 'localhost:8081', 'User-Agent': 'Mozilla/5.0 (X11; Ubuntu; Linux x86_64; rv:155.0) Gecko/20100101 Firefox/155.0', 'Accept': 'text/html,application/xhtml+xml,application/xml;q=0.9,*/*;q=0.8', 'Accept-Language': 'en-US,en;q=0.9', 'Accept-Encoding': 'gzip, deflate, br, zstd', 'Connection': 'keep-alive', 'Referer': 'http://localhost:8888/a2_control.php', 'Cookie': 'PHPSESSID=7df825840d2d75c86c64da6c2fba4d4f; security=impossible', 'Upgrade-Insecure-Requests': '1', 'Sec-Fetch-Dest': 'document', 'Sec-Fetch-Mode': 'navigate', 'Sec-Fetch-Site': 'same-origin', 'Sec-Fetch-User': '?1', 'Priority': 'u=0, i'}
[17:26:53.007] [SQLiFuzz 933] DEBUG Converted request.post_data_encoded (truncated): 
[17:26:53.007] [SQLiFuzz 933] DEBUG Converted request.header: {'Host': 'localhost:8081', 'User-Agent': 'Mozilla/5.0 (X11; Ubuntu; Linux x86_64; rv:155.0) Gecko/20100101 Firefox/155.0', 'Accept': 'text/html,application/xhtml+xml,application/xml;q=0.9,*/*;q=0.8', 'Accept-Language': 'en-US,en;q=0.9', 'Accept-Encoding': 'gzip, deflate, br, zstd', 'Connection': 'keep-alive', 'Referer': 'http://localhost:8888/a2_control.php', 'Cookie': 'PHPSESSID=7df825840d2d75c86c64da6c2fba4d4f; security=impossible', 'Upgrade-Insecure-Requests': '1', 'Sec-Fetch-Dest': 'document', 'Sec-Fetch-Mode': 'navigate', 'Sec-Fetch-Site': 'same-origin', 'Sec-Fetch-User': '?1', 'Priority': 'u=0, i'}
[17:26:53.007] [SQLiFuzz 933] DEBUG Converted request.content_type: None
127.0.0.1:54868: GET http://localhost:8081/a2_control.php?id=1&Submit=Submit
              << 200 OK 155b
[17:26:53.281] [SQLiFuzz 933] test_SQLi for GET http://localhost:8081/a2_control.php | ['[string (False)(None)] Sec-Fetch-Dest=document', '[string (False)(None)] Sec-Fetch-Mode=navigate', '[string (False)(None)] Sec-Fetch-Site=same-origin', '[string (False)(None)] Sec-Fetch-User=?1', '[string (False)(None)] Priority=u=0, i', '[url (False)(None)] path0=a2_control.php', '[int (False)(None)] id=1', '[string (False)(None)] Submit=Submit'] | None
[17:26:53.282] [SQLiFuzz 933] Getting prepared_target_request with ID 5e8 for test_SQLi iteration 1/70
[17:26:53.282] [SQLiFuzz 5e8] chosen_idx: 6 from 8
[17:26:53.282] [HTTPREQUEST 5e8] Getting matched paramval from found values: ['?1', '1']
[17:26:53.282] [HTTPREQUEST 5e8] Found matched paramval: [string (False)(None)] Sec-Fetch-User=?1
[17:26:53.282] [HTTPREQUEST 5e8] Found matched paramval: [int (False)(None)] id=1
[17:26:53.282] [SQLiFuzz 5e8] Prioritize to fuzz matched SQL value first: [string (False)(None)] Sec-Fetch-User=?1
[17:26:53.282] [SQLiFuzz 5e8] Mutation applied. old='?1' char=''' strategy='drop' new='''
[17:26:53.282] [HTTPREQUEST 5e8] Update url and body param from paramvals:
[17:26:53.282] [HTTPREQUEST None] New post_data_encoded: 
[17:26:53.282] [HTTPREQUEST None] New param encoded: Submit=Submit&id=1
[17:26:53.282] [GENERALFUNCTION 5e8] ---SENDING THE REQUEST [1790976413-f440ffce-7301-4048-9989-4b76fe15f5e8] TO : [GET] http://localhost:8081/a2_control.php?Submit=Submit&id=1
[17:26:53.282] [GENERALFUNCTION 5e8] Post data encoded: 
[17:26:53.282] [GENERALFUNCTION 5e8] Adjusted Referer to http://localhost:8081/a2_control.php
[17:26:53.282] [GENERALFUNCTION 5e8] DEBUG OUTGOING request.full_url: http://localhost:8081/a2_control.php?Submit=Submit&id=1
[17:26:53.282] [GENERALFUNCTION 5e8] DEBUG OUTGOING headers: {'Host': 'localhost:8081', 'User-Agent': 'Mozilla/5.0 (X11; Ubuntu; Linux x86_64; rv:155.0) Gecko/20100101 Firefox/155.0', 'Accept': 'text/html,application/xhtml+xml,application/xml;q=0.9,*/*;q=0.8', 'Accept-Language': 'en-US,en;q=0.9', 'Accept-Encoding': 'gzip, deflate, br, zstd', 'Connection': 'keep-alive', 'Referer': 'http://localhost:8081/a2_control.php', 'Cookie': 'PHPSESSID=7df825840d2d75c86c64da6c2fba4d4f; security=impossible', 'Upgrade-Insecure-Requests': '1', 'Sec-Fetch-Dest': 'document', 'Sec-Fetch-Mode': 'navigate', 'Sec-Fetch-Site': 'same-origin', 'Sec-Fetch-User': "'", 'Priority': 'u=0, i'}
[17:26:53.283] [GENERALFUNCTION 5e8] DEBUG OUTGOING post_data_encoded (truncated): 
[17:26:53.324] [SQLiFuzz 5e8] Response status: 200
[17:26:53.324] [SQLiFuzz 5e8] Response URL: http://localhost:8081/a2_control.php?Submit=Submit&id=1
[17:26:53.324] [SQLiFuzz 5e8] Was redirected: False
[17:26:53.324] [SQLiFuzz 5e8] Getting response: <!doctype html>
<html>
<body>
<form method="GET">
  <label>User ID: <input type="text" name="id"></label>
  <input type="submit" name="Submit" value="Submit">
</form>
<pre>ROWS=1</pre></body>
</html>

[17:26:54.325] [SQLAnalysis] Read 2 new lines from SQL log file.
[17:26:54.325] [SQLAnalysis] Appended 2 parsed entries.
[17:26:54.326] [SQLAnalysis 5e8] Extracted 609 Logs 2026-10-02 21:26:54.326013: [{'timestamp': '2026-10-02 21:26:53,309615', 'level': 'INFO', 'ip': '172.18.0.5', 'port': 44418, 'sql': 'SELECT first_name, last_name FROM users WHERE user_id = 1 *#*#Result Set'}]
[17:26:54.326] [SQLAnalysis 5e8] Updated param pairs: {'looked_value': "'"}
[17:26:54.326] [SQLAnalysis 5e8] Looked timestamp 2026-10-02 21:26:53.283095 -- 2026-10-02 21:26:53.321334
[17:26:54.330] [SQLAnalysis 5e8] query_array to be checked: ['use', 'db']
[17:26:54.331] [SQLAnalysis 5e8] normalized_query_array: ['use', 'db']
[17:26:54.331] [SQLAnalysis 5e8] query_array to be checked: ['select', 'first_name', 'last_name', 'from', 'users', 'where', 'user_id', '=', '1']
[17:26:54.331] [SQLAnalysis 5e8] normalized_query_array: ['select', 'firstname', 'lastname', 'from', 'users', 'where', 'userid', '', '1']
[17:26:54.331] [SQLiFuzz 5e8] No weird chars exist: GET http://localhost:8081/a2_control.php | ['[string (False)(None)] Sec-Fetch-Dest=document', '[string (False)(None)] Sec-Fetch-Mode=navigate', '[string (False)(None)] Sec-Fetch-Site=same-origin', "[string (False)(None)] Sec-Fetch-User='", '[string (False)(None)] Priority=u=0, i', '[url (False)(None)] path0=a2_control.php', '[int (False)(None)] id=1', '[string (False)(None)] Submit=Submit'] | None
[17:26:54.331] [SQLiFuzz 933] Getting prepared_target_request with ID 570 for test_SQLi iteration 2/70
[17:26:54.331] [SQLiFuzz 570] chosen_idx: 2 from 8
[17:26:54.331] [HTTPREQUEST 570] Getting matched paramval from found values: ['?1', '1']
[17:26:54.331] [HTTPREQUEST 570] Found matched paramval: [string (False)(None)] Sec-Fetch-User=?1
[17:26:54.331] [HTTPREQUEST 570] Found matched paramval: [int (False)(None)] id=1
[17:26:54.332] [SQLiFuzz 570] Prioritize to fuzz matched SQL value first: [int (False)(None)] id=1
[17:26:54.332] [SQLiFuzz 570] Mutation applied. old='1' char=''' strategy='tail' new='1''
[17:26:54.332] [HTTPREQUEST 570] Update url and body param from paramvals:
[17:26:54.332] [HTTPREQUEST None] New post_data_encoded: 
[17:26:54.332] [HTTPREQUEST None] New param encoded: Submit=Submit&id=1%27
[17:26:54.332] [GENERALFUNCTION 570] ---SENDING THE REQUEST [1790976414-54dda858-5dcc-4df3-a3b0-155a5102a570] TO : [GET] http://localhost:8081/a2_control.php?Submit=Submit&id=1%27
[17:26:54.332] [GENERALFUNCTION 570] Post data encoded: 
[17:26:54.332] [GENERALFUNCTION 570] Adjusted Referer to http://localhost:8081/a2_control.php
[17:26:54.332] [GENERALFUNCTION 570] DEBUG OUTGOING request.full_url: http://localhost:8081/a2_control.php?Submit=Submit&id=1%27
[17:26:54.332] [GENERALFUNCTION 570] DEBUG OUTGOING headers: {'Host': 'localhost:8081', 'User-Agent': 'Mozilla/5.0 (X11; Ubuntu; Linux x86_64; rv:155.0) Gecko/20100101 Firefox/155.0', 'Accept': 'text/html,application/xhtml+xml,application/xml;q=0.9,*/*;q=0.8', 'Accept-Language': 'en-US,en;q=0.9', 'Accept-Encoding': 'gzip, deflate, br, zstd', 'Connection': 'keep-alive', 'Referer': 'http://localhost:8081/a2_control.php', 'Cookie': 'PHPSESSID=7df825840d2d75c86c64da6c2fba4d4f; security=impossible', 'Upgrade-Insecure-Requests': '1', 'Sec-Fetch-Dest': 'document', 'Sec-Fetch-Mode': 'navigate', 'Sec-Fetch-Site': 'same-origin', 'Sec-Fetch-User': '?1', 'Priority': 'u=0, i'}
[17:26:54.332] [GENERALFUNCTION 570] DEBUG OUTGOING post_data_encoded (truncated): 
[17:26:54.361] [SQLiFuzz 570] Response status: 200
[17:26:54.361] [SQLiFuzz 570] Response URL: http://localhost:8081/a2_control.php?Submit=Submit&id=1%27
[17:26:54.361] [SQLiFuzz 570] Was redirected: False
[17:26:54.361] [SQLiFuzz 570] Getting response: <!doctype html>
<html>
<body>
<form method="GET">
  <label>User ID: <input type="text" name="id"></label>
  <input type="submit" name="Submit" value="Submit">
</form>
<pre>DB ERROR 1064</pre></body>
</html>

[17:26:55.361] [SQLAnalysis] Read 2 new lines from SQL log file.
[17:26:55.362] [SQLAnalysis] Appended 2 parsed entries.
[17:26:55.362] [SQLAnalysis 570] Extracted 611 Logs 2026-10-02 21:26:55.362142: [{'timestamp': '2026-10-02 21:26:54,352709', 'level': 'INFO', 'ip': '172.18.0.5', 'port': 44434, 'sql': "SELECT first_name, last_name FROM users WHERE user_id = 1' *#*#ERROR 1064: 2000You have an error in your SQL syntax; check the manual that corresponds to your MySQL server version for the right syntax to use near ''' at line 1"}]
[17:26:55.362] [SQLAnalysis 570] Updated param pairs: {'looked_value': "1'"}
[17:26:55.362] [SQLAnalysis 570] Looked timestamp 2026-10-02 21:26:54.332698 -- 2026-10-02 21:26:54.357268
[17:26:55.366] [SQLAnalysis 570] query_array to be checked: ['use', 'db']
[17:26:55.366] [SQLAnalysis 570] normalized_query_array: ['use', 'db']
[17:26:55.366] [SQLAnalysis 570] query_array to be checked: ['select', 'first_name', 'last_name', 'from', 'users', 'where', 'user_id', '=', "1'"]
[17:26:55.366] [SQLAnalysis 570] normalized_query_array: ['select', 'firstname', 'lastname', 'from', 'users', 'where', 'userid', '', '1']
[17:26:55.366] [SQLAnalysis 570] Getting malformed looked_value==>1' in select first_name, last_name from users where user_id = 1' *#*#error 1064: 2000you have an error in your sql syntax; check the manual that corresponds to your mysql server version for the right syntax to use near ''' at line 1
[17:26:55.366] [GENERALFUNC 570] Found Error Query: ["SELECT first_name, last_name FROM users WHERE user_id = 1' *#*#ERROR 1064: 2000You have an error in your SQL syntax; check the manual that corresponds to your MySQL server version for the right syntax to use near ''' at line 1"] from GET http://localhost:8081/a2_control.php | ['[string (False)(None)] Sec-Fetch-Dest=document', '[string (False)(None)] Sec-Fetch-Mode=navigate', '[string (False)(None)] Sec-Fetch-Site=same-origin', '[string (False)(None)] Sec-Fetch-User=?1', '[string (False)(None)] Priority=u=0, i', '[url (False)(None)] path0=a2_control.php', "[int (False)(None)] id=1'", '[string (False)(None)] Submit=Submit'] | None
[17:26:55.366] [GENERALFUNC 570] found_value: 1'
[17:26:55.366] [SQLiFuzz 570] Weird chars is detected: GET http://localhost:8081/a2_control.php | ['[string (False)(None)] Sec-Fetch-Dest=document', '[string (False)(None)] Sec-Fetch-Mode=navigate', '[string (False)(None)] Sec-Fetch-Site=same-origin', '[string (False)(None)] Sec-Fetch-User=?1', '[string (False)(None)] Priority=u=0, i', '[url (False)(None)] path0=a2_control.php', "[int (False)(None)] id=1'", '[string (False)(None)] Submit=Submit'] | None --> ["select first_name, last_name from users where user_id = 1' *#*#error 1064: 2000you have an error in your sql syntax; check the manual that corresponds to your mysql server version for the right syntax to use near ''' at line 1"]
[17:26:55.367] [SQLiFuzz 570] SQL Injection is detected: GET http://localhost:8081/a2_control.php | ['[string (False)(None)] Sec-Fetch-Dest=document', '[string (False)(None)] Sec-Fetch-Mode=navigate', '[string (False)(None)] Sec-Fetch-Site=same-origin', '[string (False)(None)] Sec-Fetch-User=?1', '[string (False)(None)] Priority=u=0, i', '[url (False)(None)] path0=a2_control.php', "[int (False)(None)] id=1'", '[string (False)(None)] Submit=Submit'] | None ==> select first_name, last_name from users where user_id = 1' *#*#error 1064: 2000you have an error in your sql syntax; check the manual that corresponds to your mysql server version for the right syntax to use near ''' at line 1
[SQLiFuzz 570] SQL Injection is detected: GET http://localhost:8081/a2_control.php | ['[string (False)(None)] Sec-Fetch-Dest=document', '[string (False)(None)] Sec-Fetch-Mode=navigate', '[string (False)(None)] Sec-Fetch-Site=same-origin', '[string (False)(None)] Sec-Fetch-User=?1', '[string (False)(None)] Priority=u=0, i', '[url (False)(None)] path0=a2_control.php', "[int (False)(None)] id=1'", '[string (False)(None)] Submit=Submit'] | None
[17:26:55.367] [SQLICollection] Result will be saved in final_result/dvwa--emmalee-VMware-Virtual-Platform-1790976396.txt
[17:26:55.367] [SQLICollection] Statistics: {'total_req': 2, 'sql_req': 1, 'null_req': 0, 'not_sql_req': 1, 'sql_injection_detected': 1, 'another_sql_error_detected': 0, 'sql_req_not_detected': 0, 'error_req': 0, 'fuzzed_req': 2, 'processing_time_total': 0.062809, 'processing_time_ave': 0.0314045, 'running_time': 'Not finished yet', 200: 2}
[17:26:55.374] [HOOK 933] Completed fuzz (remaining: 0)
[17:26:56.998][127.0.0.1:54868] server disconnect localhost:8081 (127.0.0.1:8081)
[17:26:58.453][127.0.0.1:54868] client disconnect
[17:28:56.291] [HOOK] Idle timeout (120s) reached with no pending tasks. Initiating shutdown...
[HOOK] Idle timeout reached. Saving results and shutting down...
[17:28:56.292] 


-----FINAL RESULT------
FINAL RESULT
[17:28:56.293] ###Matched SQL Injection Detected: [METHOD] | [URL] | [PARAMS] | [POST_DATA] [MATCHED_PAYLOAD] ==> [SQL_DETECTED] || [ERROR_SQL_DETECTED]

###Matched SQL Injection Detected: [METHOD] | [URL] | [PARAMS] | [POST_DATA] [MATCHED_PAYLOAD] ==> [SQL_DETECTED] || [ERROR_SQL_DETECTED]

[17:28:56.294] 1. GET | http://localhost:8081/a2_control.php | Submit=Submit&id=1%27 |  [1'] ==> select first_name, last_name from users where user_id = 1' *#*#error 1064: 2000you have an error in your sql syntax; check the manual that corresponds to your mysql server version for the right syntax to use near ''' at line 1

1. GET | http://localhost:8081/a2_control.php | Submit=Submit&id=1%27 |  [1'] ==> select first_name, last_name from users where user_id = 1' *#*#error 1064: 2000you have an error in your sql syntax; check the manual that corresponds to your mysql server version for the right syntax to use near ''' at line 1

[17:28:56.294] [SQLICollection] Result will be saved in final_result/FR/FR-dvwa--emmalee-VMware-Virtual-Platform-1790976396.txt
[17:28:56.294] [SQLICollection] Statistics: {'total_req': 2, 'sql_req': 1, 'null_req': 0, 'not_sql_req': 1, 'sql_injection_detected': 1, 'another_sql_error_detected': 0, 'sql_req_not_detected': 0, 'error_req': 0, 'fuzzed_req': 2, 'processing_time_total': 0.062809, 'processing_time_ave': 0.0314045, 'running_time': '0:02:20.033037', 200: 2}
[17:28:56.294] [HOOK] FINISH on 2026-10-02 17:28:56.292509. Total run time: 0:02:20.033037
[HOOK] FINISH on 2026-10-02 17:28:56.292509. Total run time: 0:02:20.033037
