[17:45:31.367] Loading script sqlifuzz/mitmproxy_addon.py
[17:45:31.504] [CONFIG] A config file from configs/config-general.yaml is loaded.
[17:45:31.504] [HOOK] Idle shutdown monitor started. Will check after 60s initial wait...
[17:45:31.504] [HOOK] Idle shutdown monitor scheduled (timeout: 120s)
[17:45:31.504] Starting Time: 2026-10-02 17:45:31.486205
[17:45:31.504] Start MITM Addon with 10 max concurrent fuzzing tasks
[17:45:31.505] [HOOK] Number response: 0 | Memory usage (MB): 81.16796875 PID: 48139
[17:45:31.505] [STATS] {'total_req': 0, 'sql_req': 0, 'null_req': 0, 'not_sql_req': 0, 'sql_injection_detected': 0, 'another_sql_error_detected': 0, 'sql_req_not_detected': 0, 'error_req': 0, 'fuzzed_req': 0, 'processing_time_total': 0.0, 'processing_time_ave': 0.0, 'running_time': 'Not finished yet'}
[17:45:31.506] reverse proxy to http://localhost:8081 listening at *:8888.
[17:45:37.406][127.0.0.1:37712] client connect
[17:45:37.413][127.0.0.1:37712] server connect localhost:8081 (127.0.0.1:8081)
[17:45:41.643] [HOOK 12f] Check GET http://localhost:8081/a2_control.php || 
[17:45:41.643] [HTTPREQUEST 12f] Converting Request Entry to HTTP Request: 0959f6c1-9f08-4642-9d3d-47caa635b12f
[17:45:41.644] [HTTPREQUEST 12f] No content-type is found
[17:45:42.645] [SQLAnalysis] Read 702 new lines from SQL log file.
[17:45:42.648] [SQLAnalysis] Appended 693 parsed entries.
[17:45:42.648] [SQLAnalysis 12f] Extracted 693 Logs 2026-10-02 21:45:42.648563: [{'timestamp': '2026-10-02 21:45:41,635982', 'level': 'INFO', 'ip': '172.18.0.5', 'port': 40524, 'sql': 'USE db *#*#OK'}]
[17:45:42.651] [SQLAnalysis 12f] Checking Request: GET http://localhost:8081/a2_control.php | ['[string (False)(None)] Sec-Fetch-Dest=document', '[string (False)(None)] Sec-Fetch-Mode=navigate', '[string (False)(None)] Sec-Fetch-Site=none', '[string (False)(None)] Sec-Fetch-User=?1', '[string (False)(None)] Priority=u=0, i', '[url (False)(None)] path0=a2_control.php'] | None
[17:45:42.651] [SQLAnalysis 12f] Updated param pairs: {'Sec-Fetch-Dest': 'document', 'Sec-Fetch-Mode': 'navigate', 'Sec-Fetch-Site': 'none', 'Sec-Fetch-User': '?1', 'Priority': 'u=0, i', 'path0': 'a2_control.php'}
[17:45:42.652] [SQLAnalysis 12f] Looked timestamp 2026-10-02 21:45:41.629000 -- 2026-10-02 21:45:41.641000
[17:45:42.662] [SQLAnalysis 12f] query_array to be checked: ['use', 'db']
[17:45:42.662] [SQLAnalysis 12f] normalized_query_array: ['use', 'db']
[17:45:42.662] [HTTPREQUEST 12f] Getting null paramvals
[17:45:42.662] [HOOK 12f] The request does not trigger SQL query. Drop it. GET http://localhost:8081/a2_control.php || 
127.0.0.1:37712: GET http://localhost:8081/a2_control.php
              << 200 OK 142b
[17:45:45.560] [HOOK 617] Check GET http://localhost:8081/a2_control.php?id=1&Submit=Submit || 
[17:45:45.560] [HTTPREQUEST 617] Converting Request Entry to HTTP Request: eb8fc07c-8077-4c39-a88d-826bcf86b617
[17:45:45.560] [HTTPREQUEST 617] No content-type is found
[17:45:46.561] [SQLAnalysis] Read 2 new lines from SQL log file.
[17:45:46.561] [SQLAnalysis] Appended 2 parsed entries.
[17:45:46.561] [SQLAnalysis 617] Extracted 695 Logs 2026-10-02 21:45:46.561896: [{'timestamp': '2026-10-02 21:45:45,555460', 'level': 'INFO', 'ip': '172.18.0.5', 'port': 41310, 'sql': 'SELECT first_name, last_name FROM users WHERE user_id = 1 *#*#Result Set'}]
[17:45:46.562] [SQLAnalysis 617] Checking Request: GET http://localhost:8081/a2_control.php | ['[string (False)(None)] Sec-Fetch-Dest=document', '[string (False)(None)] Sec-Fetch-Mode=navigate', '[string (False)(None)] Sec-Fetch-Site=same-origin', '[string (False)(None)] Sec-Fetch-User=?1', '[string (False)(None)] Priority=u=0, i', '[url (False)(None)] path0=a2_control.php', '[int (False)(None)] id=1', '[string (False)(None)] Submit=Submit'] | None
[17:45:46.562] [SQLAnalysis 617] Updated param pairs: {'Sec-Fetch-Dest': 'document', 'Sec-Fetch-Mode': 'navigate', 'Sec-Fetch-Site': 'same-origin', 'Sec-Fetch-User': '?1', 'Priority': 'u=0, i', 'path0': 'a2_control.php', 'id': '1', 'Submit': 'Submit'}
[17:45:46.562] [SQLAnalysis 617] Looked timestamp 2026-10-02 21:45:45.541000 -- 2026-10-02 21:45:45.559000
[17:45:46.573] [SQLAnalysis 617] query_array to be checked: ['use', 'db']
[17:45:46.573] [SQLAnalysis 617] normalized_query_array: ['use', 'db']
[17:45:46.573] [SQLAnalysis 617] query_array to be checked: ['select', 'first_name', 'last_name', 'from', 'users', 'where', 'user_id', '=', '1']
[17:45:46.574] [SQLAnalysis 617] normalized_query_array: ['select', 'firstname', 'lastname', 'from', 'users', 'where', 'userid', '', '1']
[17:45:46.574] [SQLAnalysis 617] Getting Sec-Fetch-User==>?1 [1] in ['select', 'firstname', 'lastname', 'from', 'users', 'where', 'userid', '', '1']
[17:45:46.574] [SQLAnalysis 617] Getting id==>1 [1] in ['select', 'firstname', 'lastname', 'from', 'users', 'where', 'userid', '', '1']
[17:45:46.574] [HOOK 617] Get matching queries: ['select first_name, last_name from users where user_id = 1 *#*#result set', 'select first_name, last_name from users where user_id = 1 *#*#result set'] from GET http://localhost:8081/a2_control.php?id=1&Submit=Submit || 
[17:45:46.574] [HOOK 617] Async callback triggered for: http://localhost:8081/a2_control.php?id=1&Submit=Submit
[HOOK 617] Starting fuzz http://localhost:8081/a2_control.php?id=1&Submit=Submit (pending: 1 requests)
[17:45:46.574] [HOOK 617] Starting fuzz (pending: 1)
[17:45:46.574] [SQLiFuzz 617] Calling send_requests for: http://localhost:8081/a2_control.php?id=1&Submit=Submit
[17:45:46.574] [SQLiFuzz 617] DEBUG Captured request body (truncated): 
[17:45:46.574] [SQLiFuzz 617] DEBUG Captured request headers: {'Host': 'localhost:8081', 'User-Agent': 'Mozilla/5.0 (X11; Ubuntu; Linux x86_64; rv:155.0) Gecko/20100101 Firefox/155.0', 'Accept': 'text/html,application/xhtml+xml,application/xml;q=0.9,*/*;q=0.8', 'Accept-Language': 'en-US,en;q=0.9', 'Accept-Encoding': 'gzip, deflate, br, zstd', 'Connection': 'keep-alive', 'Referer': 'http://localhost:8888/a2_control.php', 'Cookie': 'PHPSESSID=b2dd2868e8f2fb39f695db64cd997b2c; security=impossible', 'Upgrade-Insecure-Requests': '1', 'Sec-Fetch-Dest': 'document', 'Sec-Fetch-Mode': 'navigate', 'Sec-Fetch-Site': 'same-origin', 'Sec-Fetch-User': '?1', 'Priority': 'u=0, i'}
[17:45:46.574] [SQLiFuzz 617] DEBUG Converted request.post_data_encoded (truncated): 
[17:45:46.574] [SQLiFuzz 617] DEBUG Converted request.header: {'Host': 'localhost:8081', 'User-Agent': 'Mozilla/5.0 (X11; Ubuntu; Linux x86_64; rv:155.0) Gecko/20100101 Firefox/155.0', 'Accept': 'text/html,application/xhtml+xml,application/xml;q=0.9,*/*;q=0.8', 'Accept-Language': 'en-US,en;q=0.9', 'Accept-Encoding': 'gzip, deflate, br, zstd', 'Connection': 'keep-alive', 'Referer': 'http://localhost:8888/a2_control.php', 'Cookie': 'PHPSESSID=b2dd2868e8f2fb39f695db64cd997b2c; security=impossible', 'Upgrade-Insecure-Requests': '1', 'Sec-Fetch-Dest': 'document', 'Sec-Fetch-Mode': 'navigate', 'Sec-Fetch-Site': 'same-origin', 'Sec-Fetch-User': '?1', 'Priority': 'u=0, i'}
[17:45:46.575] [SQLiFuzz 617] DEBUG Converted request.content_type: None
127.0.0.1:37712: GET http://localhost:8081/a2_control.php?id=1&Submit=Submit
              << 200 OK 155b
[17:45:46.893] [SQLiFuzz 617] test_SQLi for GET http://localhost:8081/a2_control.php | ['[string (False)(None)] Sec-Fetch-Dest=document', '[string (False)(None)] Sec-Fetch-Mode=navigate', '[string (False)(None)] Sec-Fetch-Site=same-origin', '[string (False)(None)] Sec-Fetch-User=?1', '[string (False)(None)] Priority=u=0, i', '[url (False)(None)] path0=a2_control.php', '[int (False)(None)] id=1', '[string (False)(None)] Submit=Submit'] | None
[17:45:46.894] [SQLiFuzz 617] Getting prepared_target_request with ID 74f for test_SQLi iteration 1/70
[17:45:46.894] [SQLiFuzz 74f] chosen_idx: 0 from 8
[17:45:46.894] [HTTPREQUEST 74f] Getting matched paramval from found values: ['?1', '1']
[17:45:46.894] [HTTPREQUEST 74f] Found matched paramval: [string (False)(None)] Sec-Fetch-User=?1
[17:45:46.894] [HTTPREQUEST 74f] Found matched paramval: [int (False)(None)] id=1
[17:45:46.894] [SQLiFuzz 74f] Prioritize to fuzz matched SQL value first: [string (False)(None)] Sec-Fetch-User=?1
[17:45:46.894] [SQLiFuzz 74f] Mutation applied. old='?1' char=''' strategy='drop' new='''
[17:45:46.894] [HTTPREQUEST 74f] Update url and body param from paramvals:
[17:45:46.894] [HTTPREQUEST None] New post_data_encoded: 
[17:45:46.894] [HTTPREQUEST None] New param encoded: Submit=Submit&id=1
[17:45:46.894] [GENERALFUNCTION 74f] ---SENDING THE REQUEST [1790977546-ccc10626-733d-4fd5-8a2a-972ae72ac74f] TO : [GET] http://localhost:8081/a2_control.php?Submit=Submit&id=1
[17:45:46.894] [GENERALFUNCTION 74f] Post data encoded: 
[17:45:46.894] [GENERALFUNCTION 74f] Adjusted Referer to http://localhost:8081/a2_control.php
[17:45:46.894] [GENERALFUNCTION 74f] DEBUG OUTGOING request.full_url: http://localhost:8081/a2_control.php?Submit=Submit&id=1
[17:45:46.894] [GENERALFUNCTION 74f] DEBUG OUTGOING headers: {'Host': 'localhost:8081', 'User-Agent': 'Mozilla/5.0 (X11; Ubuntu; Linux x86_64; rv:155.0) Gecko/20100101 Firefox/155.0', 'Accept': 'text/html,application/xhtml+xml,application/xml;q=0.9,*/*;q=0.8', 'Accept-Language': 'en-US,en;q=0.9', 'Accept-Encoding': 'gzip, deflate, br, zstd', 'Connection': 'keep-alive', 'Referer': 'http://localhost:8081/a2_control.php', 'Cookie': 'PHPSESSID=b2dd2868e8f2fb39f695db64cd997b2c; security=impossible', 'Upgrade-Insecure-Requests': '1', 'Sec-Fetch-Dest': 'document', 'Sec-Fetch-Mode': 'navigate', 'Sec-Fetch-Site': 'same-origin', 'Sec-Fetch-User': "'", 'Priority': 'u=0, i'}
[17:45:46.895] [GENERALFUNCTION 74f] DEBUG OUTGOING post_data_encoded (truncated): 
[17:45:46.942] [SQLiFuzz 74f] Response status: 200
[17:45:46.942] [SQLiFuzz 74f] Response URL: http://localhost:8081/a2_control.php?Submit=Submit&id=1
[17:45:46.942] [SQLiFuzz 74f] Was redirected: False
[17:45:46.942] [SQLiFuzz 74f] Getting response: <!doctype html>
<html>
<body>
<form method="GET">
  <label>User ID: <input type="text" name="id"></label>
  <input type="submit" name="Submit" value="Submit">
</form>
<pre>ROWS=1</pre></body>
</html>

[17:45:47.944] [SQLAnalysis] Read 2 new lines from SQL log file.
[17:45:47.945] [SQLAnalysis] Appended 2 parsed entries.
[17:45:47.945] [SQLAnalysis 74f] Extracted 697 Logs 2026-10-02 21:45:47.945742: [{'timestamp': '2026-10-02 21:45:46,924543', 'level': 'INFO', 'ip': '172.18.0.5', 'port': 41340, 'sql': 'SELECT first_name, last_name FROM users WHERE user_id = 1 *#*#Result Set'}]
[17:45:47.946] [SQLAnalysis 74f] Updated param pairs: {'looked_value': "'"}
[17:45:47.946] [SQLAnalysis 74f] Looked timestamp 2026-10-02 21:45:46.895088 -- 2026-10-02 21:45:46.936366
[17:45:47.956] [SQLAnalysis 74f] query_array to be checked: ['use', 'db']
[17:45:47.956] [SQLAnalysis 74f] normalized_query_array: ['use', 'db']
[17:45:47.956] [SQLAnalysis 74f] query_array to be checked: ['select', 'first_name', 'last_name', 'from', 'users', 'where', 'user_id', '=', '1']
[17:45:47.956] [SQLAnalysis 74f] normalized_query_array: ['select', 'firstname', 'lastname', 'from', 'users', 'where', 'userid', '', '1']
[17:45:47.956] [SQLiFuzz 74f] No weird chars exist: GET http://localhost:8081/a2_control.php | ['[string (False)(None)] Sec-Fetch-Dest=document', '[string (False)(None)] Sec-Fetch-Mode=navigate', '[string (False)(None)] Sec-Fetch-Site=same-origin', "[string (False)(None)] Sec-Fetch-User='", '[string (False)(None)] Priority=u=0, i', '[url (False)(None)] path0=a2_control.php', '[int (False)(None)] id=1', '[string (False)(None)] Submit=Submit'] | None
[17:45:47.957] [SQLiFuzz 617] Getting prepared_target_request with ID 524 for test_SQLi iteration 2/70
[17:45:47.957] [SQLiFuzz 524] chosen_idx: 6 from 8
[17:45:47.957] [HTTPREQUEST 524] Getting matched paramval from found values: ['?1', '1']
[17:45:47.957] [HTTPREQUEST 524] Found matched paramval: [string (False)(None)] Sec-Fetch-User=?1
[17:45:47.957] [HTTPREQUEST 524] Found matched paramval: [int (False)(None)] id=1
[17:45:47.957] [SQLiFuzz 524] Prioritize to fuzz matched SQL value first: [int (False)(None)] id=1
[17:45:47.957] [SQLiFuzz 524] Mutation applied. old='1' char=''' strategy='tail' new='1''
[17:45:47.958] [HTTPREQUEST 524] Update url and body param from paramvals:
[17:45:47.958] [HTTPREQUEST None] New post_data_encoded: 
[17:45:47.958] [HTTPREQUEST None] New param encoded: Submit=Submit&id=1%27
[17:45:47.958] [GENERALFUNCTION 524] ---SENDING THE REQUEST [1790977547-2d57bb6b-f4ff-4b21-b916-897665335524] TO : [GET] http://localhost:8081/a2_control.php?Submit=Submit&id=1%27
[17:45:47.958] [GENERALFUNCTION 524] Post data encoded: 
[17:45:47.958] [GENERALFUNCTION 524] Adjusted Referer to http://localhost:8081/a2_control.php
[17:45:47.958] [GENERALFUNCTION 524] DEBUG OUTGOING request.full_url: http://localhost:8081/a2_control.php?Submit=Submit&id=1%27
[17:45:47.958] [GENERALFUNCTION 524] DEBUG OUTGOING headers: {'Host': 'localhost:8081', 'User-Agent': 'Mozilla/5.0 (X11; Ubuntu; Linux x86_64; rv:155.0) Gecko/20100101 Firefox/155.0', 'Accept': 'text/html,application/xhtml+xml,application/xml;q=0.9,*/*;q=0.8', 'Accept-Language': 'en-US,en;q=0.9', 'Accept-Encoding': 'gzip, deflate, br, zstd', 'Connection': 'keep-alive', 'Referer': 'http://localhost:8081/a2_control.php', 'Cookie': 'PHPSESSID=b2dd2868e8f2fb39f695db64cd997b2c; security=impossible', 'Upgrade-Insecure-Requests': '1', 'Sec-Fetch-Dest': 'document', 'Sec-Fetch-Mode': 'navigate', 'Sec-Fetch-Site': 'same-origin', 'Sec-Fetch-User': '?1', 'Priority': 'u=0, i'}
[17:45:47.958] [GENERALFUNCTION 524] DEBUG OUTGOING post_data_encoded (truncated): 
[17:45:47.989] [SQLiFuzz 524] Response status: 200
[17:45:47.990] [SQLiFuzz 524] Response URL: http://localhost:8081/a2_control.php?Submit=Submit&id=1%27
[17:45:47.990] [SQLiFuzz 524] Was redirected: False
[17:45:47.990] [SQLiFuzz 524] Getting response: <!doctype html>
<html>
<body>
<form method="GET">
  <label>User ID: <input type="text" name="id"></label>
  <input type="submit" name="Submit" value="Submit">
</form>
<pre>DB ERROR 1064</pre></body>
</html>

[17:45:48.991] [SQLAnalysis] Read 2 new lines from SQL log file.
[17:45:48.991] [SQLAnalysis] Appended 2 parsed entries.
[17:45:48.991] [SQLAnalysis 524] Extracted 699 Logs 2026-10-02 21:45:48.991547: [{'timestamp': '2026-10-02 21:45:47,981736', 'level': 'INFO', 'ip': '172.18.0.5', 'port': 41354, 'sql': "SELECT first_name, last_name FROM users WHERE user_id = 1' *#*#ERROR 1064: 2000You have an error in your SQL syntax; check the manual that corresponds to your MySQL server version for the right syntax to use near ''' at line 1"}]
[17:45:48.991] [SQLAnalysis 524] Updated param pairs: {'looked_value': "1'"}
[17:45:48.991] [SQLAnalysis 524] Looked timestamp 2026-10-02 21:45:47.958870 -- 2026-10-02 21:45:47.986079
[17:45:48.996] [SQLAnalysis 524] query_array to be checked: ['use', 'db']
[17:45:48.996] [SQLAnalysis 524] normalized_query_array: ['use', 'db']
[17:45:48.996] [SQLAnalysis 524] query_array to be checked: ['select', 'first_name', 'last_name', 'from', 'users', 'where', 'user_id', '=', "1'"]
[17:45:48.996] [SQLAnalysis 524] normalized_query_array: ['select', 'firstname', 'lastname', 'from', 'users', 'where', 'userid', '', '1']
[17:45:48.996] [SQLAnalysis 524] Getting malformed looked_value==>1' in select first_name, last_name from users where user_id = 1' *#*#error 1064: 2000you have an error in your sql syntax; check the manual that corresponds to your mysql server version for the right syntax to use near ''' at line 1
[17:45:48.996] [GENERALFUNC 524] Found Error Query: ["SELECT first_name, last_name FROM users WHERE user_id = 1' *#*#ERROR 1064: 2000You have an error in your SQL syntax; check the manual that corresponds to your MySQL server version for the right syntax to use near ''' at line 1"] from GET http://localhost:8081/a2_control.php | ['[string (False)(None)] Sec-Fetch-Dest=document', '[string (False)(None)] Sec-Fetch-Mode=navigate', '[string (False)(None)] Sec-Fetch-Site=same-origin', '[string (False)(None)] Sec-Fetch-User=?1', '[string (False)(None)] Priority=u=0, i', '[url (False)(None)] path0=a2_control.php', "[int (False)(None)] id=1'", '[string (False)(None)] Submit=Submit'] | None
[17:45:48.996] [GENERALFUNC 524] found_value: 1'
[17:45:48.997] [SQLiFuzz 524] Weird chars is detected: GET http://localhost:8081/a2_control.php | ['[string (False)(None)] Sec-Fetch-Dest=document', '[string (False)(None)] Sec-Fetch-Mode=navigate', '[string (False)(None)] Sec-Fetch-Site=same-origin', '[string (False)(None)] Sec-Fetch-User=?1', '[string (False)(None)] Priority=u=0, i', '[url (False)(None)] path0=a2_control.php', "[int (False)(None)] id=1'", '[string (False)(None)] Submit=Submit'] | None --> ["select first_name, last_name from users where user_id = 1' *#*#error 1064: 2000you have an error in your sql syntax; check the manual that corresponds to your mysql server version for the right syntax to use near ''' at line 1"]
[17:45:48.997] [SQLiFuzz 524] SQL Injection is detected: GET http://localhost:8081/a2_control.php | ['[string (False)(None)] Sec-Fetch-Dest=document', '[string (False)(None)] Sec-Fetch-Mode=navigate', '[string (False)(None)] Sec-Fetch-Site=same-origin', '[string (False)(None)] Sec-Fetch-User=?1', '[string (False)(None)] Priority=u=0, i', '[url (False)(None)] path0=a2_control.php', "[int (False)(None)] id=1'", '[string (False)(None)] Submit=Submit'] | None ==> select first_name, last_name from users where user_id = 1' *#*#error 1064: 2000you have an error in your sql syntax; check the manual that corresponds to your mysql server version for the right syntax to use near ''' at line 1
[SQLiFuzz 524] SQL Injection is detected: GET http://localhost:8081/a2_control.php | ['[string (False)(None)] Sec-Fetch-Dest=document', '[string (False)(None)] Sec-Fetch-Mode=navigate', '[string (False)(None)] Sec-Fetch-Site=same-origin', '[string (False)(None)] Sec-Fetch-User=?1', '[string (False)(None)] Priority=u=0, i', '[url (False)(None)] path0=a2_control.php', "[int (False)(None)] id=1'", '[string (False)(None)] Submit=Submit'] | None
[17:45:48.997] [SQLICollection] Result will be saved in final_result/dvwa--emmalee-VMware-Virtual-Platform-1790977531.txt
[17:45:48.997] [SQLICollection] Statistics: {'total_req': 2, 'sql_req': 1, 'null_req': 0, 'not_sql_req': 1, 'sql_injection_detected': 1, 'another_sql_error_detected': 0, 'sql_req_not_detected': 0, 'error_req': 0, 'fuzzed_req': 2, 'processing_time_total': 0.068487, 'processing_time_ave': 0.0342435, 'running_time': 'Not finished yet', 200: 2}
[17:45:49.004] [HOOK 617] Completed fuzz (remaining: 0)
[17:45:50.561][127.0.0.1:37712] server disconnect localhost:8081 (127.0.0.1:8081)
[17:45:51.735][127.0.0.1:37712] client disconnect
[17:47:51.510] [HOOK] Idle timeout (120s) reached with no pending tasks. Initiating shutdown...
[HOOK] Idle timeout reached. Saving results and shutting down...
[17:47:51.510] 


-----FINAL RESULT------
FINAL RESULT
[17:47:51.511] ###Matched SQL Injection Detected: [METHOD] | [URL] | [PARAMS] | [POST_DATA] [MATCHED_PAYLOAD] ==> [SQL_DETECTED] || [ERROR_SQL_DETECTED]

###Matched SQL Injection Detected: [METHOD] | [URL] | [PARAMS] | [POST_DATA] [MATCHED_PAYLOAD] ==> [SQL_DETECTED] || [ERROR_SQL_DETECTED]

[17:47:51.511] 1. GET | http://localhost:8081/a2_control.php | Submit=Submit&id=1%27 |  [1'] ==> select first_name, last_name from users where user_id = 1' *#*#error 1064: 2000you have an error in your sql syntax; check the manual that corresponds to your mysql server version for the right syntax to use near ''' at line 1

1. GET | http://localhost:8081/a2_control.php | Submit=Submit&id=1%27 |  [1'] ==> select first_name, last_name from users where user_id = 1' *#*#error 1064: 2000you have an error in your sql syntax; check the manual that corresponds to your mysql server version for the right syntax to use near ''' at line 1

[17:47:51.511] [SQLICollection] Result will be saved in final_result/FR/FR-dvwa--emmalee-VMware-Virtual-Platform-1790977531.txt
[17:47:51.511] [SQLICollection] Statistics: {'total_req': 2, 'sql_req': 1, 'null_req': 0, 'not_sql_req': 1, 'sql_injection_detected': 1, 'another_sql_error_detected': 0, 'sql_req_not_detected': 0, 'error_req': 0, 'fuzzed_req': 2, 'processing_time_total': 0.068487, 'processing_time_ave': 0.0342435, 'running_time': '0:02:20.024651', 200: 2}
[17:47:51.512] [HOOK] FINISH on 2026-10-02 17:47:51.510856. Total run time: 0:02:20.024651
[HOOK] FINISH on 2026-10-02 17:47:51.510856. Total run time: 0:02:20.024651
