[17:41:42.608] Loading script sqlifuzz/mitmproxy_addon.py
[17:41:42.744] [CONFIG] A config file from configs/config-general.yaml is loaded.
[17:41:42.745] [HOOK] Idle shutdown monitor started. Will check after 60s initial wait...
[17:41:42.745] [HOOK] Idle shutdown monitor scheduled (timeout: 120s)
[17:41:42.745] Starting Time: 2026-10-02 17:41:42.725100
[17:41:42.745] Start MITM Addon with 10 max concurrent fuzzing tasks
[17:41:42.746] [HOOK] Number response: 0 | Memory usage (MB): 80.94921875 PID: 46532
[17:41:42.746] [STATS] {'total_req': 0, 'sql_req': 0, 'null_req': 0, 'not_sql_req': 0, 'sql_injection_detected': 0, 'another_sql_error_detected': 0, 'sql_req_not_detected': 0, 'error_req': 0, 'fuzzed_req': 0, 'processing_time_total': 0.0, 'processing_time_ave': 0.0, 'running_time': 'Not finished yet'}
[17:41:42.747] reverse proxy to http://localhost:8081 listening at *:8888.
[17:41:52.643][127.0.0.1:42158] client connect
[17:41:52.646][127.0.0.1:42158] server connect localhost:8081 (127.0.0.1:8081)
[17:41:57.974][127.0.0.1:42158] client disconnect
[17:41:57.975][127.0.0.1:42158] server disconnect localhost:8081 (127.0.0.1:8081)
[17:41:58.008][127.0.0.1:42166] client connect
[17:41:58.016][127.0.0.1:42166] server connect localhost:8081 (127.0.0.1:8081)
[17:41:58.460] [HOOK 31c] Check GET http://localhost:8081/a2_control.php || 
[17:41:58.460] [HTTPREQUEST 31c] Converting Request Entry to HTTP Request: f0cfc97b-a10a-4f2d-bda8-0b175764b31c
[17:41:58.460] [HTTPREQUEST 31c] No content-type is found
[17:41:59.461] [SQLAnalysis] Read 695 new lines from SQL log file.
[17:41:59.464] [SQLAnalysis] Appended 686 parsed entries.
[17:41:59.464] [SQLAnalysis 31c] Extracted 686 Logs 2026-10-02 21:41:59.464679: [{'timestamp': '2026-10-02 21:41:58,450906', 'level': 'INFO', 'ip': '172.18.0.5', 'port': 59520, 'sql': 'USE db *#*#OK'}]
[17:41:59.466] [SQLAnalysis 31c] Checking Request: GET http://localhost:8081/a2_control.php | ['[string (False)(None)] Sec-Fetch-Dest=document', '[string (False)(None)] Sec-Fetch-Mode=navigate', '[string (False)(None)] Sec-Fetch-Site=none', '[string (False)(None)] Sec-Fetch-User=?1', '[string (False)(None)] Priority=u=0, i', '[url (False)(None)] path0=a2_control.php'] | None
[17:41:59.466] [SQLAnalysis 31c] Updated param pairs: {'Sec-Fetch-Dest': 'document', 'Sec-Fetch-Mode': 'navigate', 'Sec-Fetch-Site': 'none', 'Sec-Fetch-User': '?1', 'Priority': 'u=0, i', 'path0': 'a2_control.php'}
[17:41:59.466] [SQLAnalysis 31c] Looked timestamp 2026-10-02 21:41:58.441000 -- 2026-10-02 21:41:58.459000
[17:41:59.470] [SQLAnalysis 31c] query_array to be checked: ['use', 'db']
[17:41:59.471] [SQLAnalysis 31c] normalized_query_array: ['use', 'db']
[17:41:59.471] [HTTPREQUEST 31c] Getting null paramvals
[17:41:59.471] [HOOK 31c] The request does not trigger SQL query. Drop it. GET http://localhost:8081/a2_control.php || 
127.0.0.1:42166: GET http://localhost:8081/a2_control.php
              << 200 OK 142b
[17:42:01.841] [HOOK e0b] Check GET http://localhost:8081/a2_control.php?id=1&Submit=Submit || 
[17:42:01.841] [HTTPREQUEST e0b] Converting Request Entry to HTTP Request: 29068502-1155-4874-a775-9cc9f7955e0b
[17:42:01.842] [HTTPREQUEST e0b] No content-type is found
[17:42:02.843] [SQLAnalysis] Read 2 new lines from SQL log file.
[17:42:02.844] [SQLAnalysis] Appended 2 parsed entries.
[17:42:02.844] [SQLAnalysis e0b] Extracted 688 Logs 2026-10-02 21:42:02.844395: [{'timestamp': '2026-10-02 21:42:01,836173', 'level': 'INFO', 'ip': '172.18.0.5', 'port': 48780, 'sql': 'SELECT first_name, last_name FROM users WHERE user_id = 1 *#*#Result Set'}]
[17:42:02.844] [SQLAnalysis e0b] Checking Request: GET http://localhost:8081/a2_control.php | ['[string (False)(None)] Sec-Fetch-Dest=document', '[string (False)(None)] Sec-Fetch-Mode=navigate', '[string (False)(None)] Sec-Fetch-Site=same-origin', '[string (False)(None)] Sec-Fetch-User=?1', '[string (False)(None)] Priority=u=0, i', '[url (False)(None)] path0=a2_control.php', '[int (False)(None)] id=1', '[string (False)(None)] Submit=Submit'] | None
[17:42:02.844] [SQLAnalysis e0b] Updated param pairs: {'Sec-Fetch-Dest': 'document', 'Sec-Fetch-Mode': 'navigate', 'Sec-Fetch-Site': 'same-origin', 'Sec-Fetch-User': '?1', 'Priority': 'u=0, i', 'path0': 'a2_control.php', 'id': '1', 'Submit': 'Submit'}
[17:42:02.844] [SQLAnalysis e0b] Looked timestamp 2026-10-02 21:42:01.823000 -- 2026-10-02 21:42:01.841000
[17:42:02.854] [SQLAnalysis e0b] query_array to be checked: ['use', 'db']
[17:42:02.855] [SQLAnalysis e0b] normalized_query_array: ['use', 'db']
[17:42:02.855] [SQLAnalysis e0b] query_array to be checked: ['select', 'first_name', 'last_name', 'from', 'users', 'where', 'user_id', '=', '1']
[17:42:02.855] [SQLAnalysis e0b] normalized_query_array: ['select', 'firstname', 'lastname', 'from', 'users', 'where', 'userid', '', '1']
[17:42:02.855] [SQLAnalysis e0b] Getting Sec-Fetch-User==>?1 [1] in ['select', 'firstname', 'lastname', 'from', 'users', 'where', 'userid', '', '1']
[17:42:02.855] [SQLAnalysis e0b] Getting id==>1 [1] in ['select', 'firstname', 'lastname', 'from', 'users', 'where', 'userid', '', '1']
[17:42:02.855] [HOOK e0b] Get matching queries: ['select first_name, last_name from users where user_id = 1 *#*#result set', 'select first_name, last_name from users where user_id = 1 *#*#result set'] from GET http://localhost:8081/a2_control.php?id=1&Submit=Submit || 
[17:42:02.855] [HOOK e0b] Async callback triggered for: http://localhost:8081/a2_control.php?id=1&Submit=Submit
[HOOK e0b] Starting fuzz http://localhost:8081/a2_control.php?id=1&Submit=Submit (pending: 1 requests)
[17:42:02.855] [HOOK e0b] Starting fuzz (pending: 1)
[17:42:02.856] [SQLiFuzz e0b] Calling send_requests for: http://localhost:8081/a2_control.php?id=1&Submit=Submit
[17:42:02.856] [SQLiFuzz e0b] DEBUG Captured request body (truncated): 
[17:42:02.856] [SQLiFuzz e0b] DEBUG Captured request headers: {'Host': 'localhost:8081', 'User-Agent': 'Mozilla/5.0 (X11; Ubuntu; Linux x86_64; rv:155.0) Gecko/20100101 Firefox/155.0', 'Accept': 'text/html,application/xhtml+xml,application/xml;q=0.9,*/*;q=0.8', 'Accept-Language': 'en-US,en;q=0.9', 'Accept-Encoding': 'gzip, deflate, br, zstd', 'Connection': 'keep-alive', 'Referer': 'http://localhost:8888/a2_control.php', 'Cookie': 'PHPSESSID=57e481ad7b2d23d5f79096799ef6464b; security=impossible', 'Upgrade-Insecure-Requests': '1', 'Sec-Fetch-Dest': 'document', 'Sec-Fetch-Mode': 'navigate', 'Sec-Fetch-Site': 'same-origin', 'Sec-Fetch-User': '?1', 'Priority': 'u=0, i'}
[17:42:02.857] [SQLiFuzz e0b] DEBUG Converted request.post_data_encoded (truncated): 
[17:42:02.857] [SQLiFuzz e0b] DEBUG Converted request.header: {'Host': 'localhost:8081', 'User-Agent': 'Mozilla/5.0 (X11; Ubuntu; Linux x86_64; rv:155.0) Gecko/20100101 Firefox/155.0', 'Accept': 'text/html,application/xhtml+xml,application/xml;q=0.9,*/*;q=0.8', 'Accept-Language': 'en-US,en;q=0.9', 'Accept-Encoding': 'gzip, deflate, br, zstd', 'Connection': 'keep-alive', 'Referer': 'http://localhost:8888/a2_control.php', 'Cookie': 'PHPSESSID=57e481ad7b2d23d5f79096799ef6464b; security=impossible', 'Upgrade-Insecure-Requests': '1', 'Sec-Fetch-Dest': 'document', 'Sec-Fetch-Mode': 'navigate', 'Sec-Fetch-Site': 'same-origin', 'Sec-Fetch-User': '?1', 'Priority': 'u=0, i'}
[17:42:02.857] [SQLiFuzz e0b] DEBUG Converted request.content_type: None
127.0.0.1:42166: GET http://localhost:8081/a2_control.php?id=1&Submit=Submit
              << 200 OK 155b
[17:42:03.156] [SQLiFuzz e0b] test_SQLi for GET http://localhost:8081/a2_control.php | ['[string (False)(None)] Sec-Fetch-Dest=document', '[string (False)(None)] Sec-Fetch-Mode=navigate', '[string (False)(None)] Sec-Fetch-Site=same-origin', '[string (False)(None)] Sec-Fetch-User=?1', '[string (False)(None)] Priority=u=0, i', '[url (False)(None)] path0=a2_control.php', '[int (False)(None)] id=1', '[string (False)(None)] Submit=Submit'] | None
[17:42:03.157] [SQLiFuzz e0b] Getting prepared_target_request with ID 9c9 for test_SQLi iteration 1/70
[17:42:03.157] [SQLiFuzz 9c9] chosen_idx: 6 from 8
[17:42:03.157] [HTTPREQUEST 9c9] Getting matched paramval from found values: ['?1', '1']
[17:42:03.157] [HTTPREQUEST 9c9] Found matched paramval: [string (False)(None)] Sec-Fetch-User=?1
[17:42:03.157] [HTTPREQUEST 9c9] Found matched paramval: [int (False)(None)] id=1
[17:42:03.157] [SQLiFuzz 9c9] Prioritize to fuzz matched SQL value first: [string (False)(None)] Sec-Fetch-User=?1
[17:42:03.157] [SQLiFuzz 9c9] Mutation applied. old='?1' char=''' strategy='drop' new='''
[17:42:03.157] [HTTPREQUEST 9c9] Update url and body param from paramvals:
[17:42:03.157] [HTTPREQUEST None] New post_data_encoded: 
[17:42:03.157] [HTTPREQUEST None] New param encoded: Submit=Submit&id=1
[17:42:03.157] [GENERALFUNCTION 9c9] ---SENDING THE REQUEST [1790977323-f8d367b8-3301-4ab6-8b8f-6c6135fa79c9] TO : [GET] http://localhost:8081/a2_control.php?Submit=Submit&id=1
[17:42:03.158] [GENERALFUNCTION 9c9] Post data encoded: 
[17:42:03.158] [GENERALFUNCTION 9c9] Adjusted Referer to http://localhost:8081/a2_control.php
[17:42:03.158] [GENERALFUNCTION 9c9] DEBUG OUTGOING request.full_url: http://localhost:8081/a2_control.php?Submit=Submit&id=1
[17:42:03.158] [GENERALFUNCTION 9c9] DEBUG OUTGOING headers: {'Host': 'localhost:8081', 'User-Agent': 'Mozilla/5.0 (X11; Ubuntu; Linux x86_64; rv:155.0) Gecko/20100101 Firefox/155.0', 'Accept': 'text/html,application/xhtml+xml,application/xml;q=0.9,*/*;q=0.8', 'Accept-Language': 'en-US,en;q=0.9', 'Accept-Encoding': 'gzip, deflate, br, zstd', 'Connection': 'keep-alive', 'Referer': 'http://localhost:8081/a2_control.php', 'Cookie': 'PHPSESSID=57e481ad7b2d23d5f79096799ef6464b; security=impossible', 'Upgrade-Insecure-Requests': '1', 'Sec-Fetch-Dest': 'document', 'Sec-Fetch-Mode': 'navigate', 'Sec-Fetch-Site': 'same-origin', 'Sec-Fetch-User': "'", 'Priority': 'u=0, i'}
[17:42:03.158] [GENERALFUNCTION 9c9] DEBUG OUTGOING post_data_encoded (truncated): 
[17:42:03.199] [SQLiFuzz 9c9] Response status: 200
[17:42:03.199] [SQLiFuzz 9c9] Response URL: http://localhost:8081/a2_control.php?Submit=Submit&id=1
[17:42:03.200] [SQLiFuzz 9c9] Was redirected: False
[17:42:03.200] [SQLiFuzz 9c9] Getting response: <!doctype html>
<html>
<body>
<form method="GET">
  <label>User ID: <input type="text" name="id"></label>
  <input type="submit" name="Submit" value="Submit">
</form>
<pre>ROWS=1</pre></body>
</html>

[17:42:04.201] [SQLAnalysis] Read 2 new lines from SQL log file.
[17:42:04.201] [SQLAnalysis] Appended 2 parsed entries.
[17:42:04.201] [SQLAnalysis 9c9] Extracted 690 Logs 2026-10-02 21:42:04.201840: [{'timestamp': '2026-10-02 21:42:03,186380', 'level': 'INFO', 'ip': '172.18.0.5', 'port': 48806, 'sql': 'SELECT first_name, last_name FROM users WHERE user_id = 1 *#*#Result Set'}]
[17:42:04.202] [SQLAnalysis 9c9] Updated param pairs: {'looked_value': "'"}
[17:42:04.202] [SQLAnalysis 9c9] Looked timestamp 2026-10-02 21:42:03.158327 -- 2026-10-02 21:42:03.196277
[17:42:04.216] [SQLAnalysis 9c9] query_array to be checked: ['use', 'db']
[17:42:04.216] [SQLAnalysis 9c9] normalized_query_array: ['use', 'db']
[17:42:04.216] [SQLAnalysis 9c9] query_array to be checked: ['select', 'first_name', 'last_name', 'from', 'users', 'where', 'user_id', '=', '1']
[17:42:04.216] [SQLAnalysis 9c9] normalized_query_array: ['select', 'firstname', 'lastname', 'from', 'users', 'where', 'userid', '', '1']
[17:42:04.216] [SQLiFuzz 9c9] No weird chars exist: GET http://localhost:8081/a2_control.php | ['[string (False)(None)] Sec-Fetch-Dest=document', '[string (False)(None)] Sec-Fetch-Mode=navigate', '[string (False)(None)] Sec-Fetch-Site=same-origin', "[string (False)(None)] Sec-Fetch-User='", '[string (False)(None)] Priority=u=0, i', '[url (False)(None)] path0=a2_control.php', '[int (False)(None)] id=1', '[string (False)(None)] Submit=Submit'] | None
[17:42:04.217] [SQLiFuzz e0b] Getting prepared_target_request with ID 2be for test_SQLi iteration 2/70
[17:42:04.217] [SQLiFuzz 2be] chosen_idx: 1 from 8
[17:42:04.217] [HTTPREQUEST 2be] Getting matched paramval from found values: ['?1', '1']
[17:42:04.217] [HTTPREQUEST 2be] Found matched paramval: [string (False)(None)] Sec-Fetch-User=?1
[17:42:04.218] [HTTPREQUEST 2be] Found matched paramval: [int (False)(None)] id=1
[17:42:04.218] [SQLiFuzz 2be] Prioritize to fuzz matched SQL value first: [int (False)(None)] id=1
[17:42:04.218] [SQLiFuzz 2be] Mutation applied. old='1' char=''' strategy='tail' new='1''
[17:42:04.218] [HTTPREQUEST 2be] Update url and body param from paramvals:
[17:42:04.218] [HTTPREQUEST None] New post_data_encoded: 
[17:42:04.218] [HTTPREQUEST None] New param encoded: Submit=Submit&id=1%27
[17:42:04.218] [GENERALFUNCTION 2be] ---SENDING THE REQUEST [1790977324-bba6ae18-d11d-43f0-876c-23c41b2802be] TO : [GET] http://localhost:8081/a2_control.php?Submit=Submit&id=1%27
[17:42:04.218] [GENERALFUNCTION 2be] Post data encoded: 
[17:42:04.219] [GENERALFUNCTION 2be] Adjusted Referer to http://localhost:8081/a2_control.php
[17:42:04.219] [GENERALFUNCTION 2be] DEBUG OUTGOING request.full_url: http://localhost:8081/a2_control.php?Submit=Submit&id=1%27
[17:42:04.219] [GENERALFUNCTION 2be] DEBUG OUTGOING headers: {'Host': 'localhost:8081', 'User-Agent': 'Mozilla/5.0 (X11; Ubuntu; Linux x86_64; rv:155.0) Gecko/20100101 Firefox/155.0', 'Accept': 'text/html,application/xhtml+xml,application/xml;q=0.9,*/*;q=0.8', 'Accept-Language': 'en-US,en;q=0.9', 'Accept-Encoding': 'gzip, deflate, br, zstd', 'Connection': 'keep-alive', 'Referer': 'http://localhost:8081/a2_control.php', 'Cookie': 'PHPSESSID=57e481ad7b2d23d5f79096799ef6464b; security=impossible', 'Upgrade-Insecure-Requests': '1', 'Sec-Fetch-Dest': 'document', 'Sec-Fetch-Mode': 'navigate', 'Sec-Fetch-Site': 'same-origin', 'Sec-Fetch-User': '?1', 'Priority': 'u=0, i'}
[17:42:04.219] [GENERALFUNCTION 2be] DEBUG OUTGOING post_data_encoded (truncated): 
[17:42:04.266] [SQLiFuzz 2be] Response status: 200
[17:42:04.267] [SQLiFuzz 2be] Response URL: http://localhost:8081/a2_control.php?Submit=Submit&id=1%27
[17:42:04.267] [SQLiFuzz 2be] Was redirected: False
[17:42:04.267] [SQLiFuzz 2be] Getting response: <!doctype html>
<html>
<body>
<form method="GET">
  <label>User ID: <input type="text" name="id"></label>
  <input type="submit" name="Submit" value="Submit">
</form>
<pre>DB ERROR 1064</pre></body>
</html>

[17:42:05.267] [SQLAnalysis] Read 2 new lines from SQL log file.
[17:42:05.268] [SQLAnalysis] Appended 2 parsed entries.
[17:42:05.268] [SQLAnalysis 2be] Extracted 692 Logs 2026-10-02 21:42:05.268463: [{'timestamp': '2026-10-02 21:42:04,248700', 'level': 'INFO', 'ip': '172.18.0.5', 'port': 48826, 'sql': "SELECT first_name, last_name FROM users WHERE user_id = 1' *#*#ERROR 1064: 2000You have an error in your SQL syntax; check the manual that corresponds to your MySQL server version for the right syntax to use near ''' at line 1"}]
[17:42:05.268] [SQLAnalysis 2be] Updated param pairs: {'looked_value': "1'"}
[17:42:05.268] [SQLAnalysis 2be] Looked timestamp 2026-10-02 21:42:04.219633 -- 2026-10-02 21:42:04.259044
[17:42:05.276] [SQLAnalysis 2be] query_array to be checked: ['use', 'db']
[17:42:05.276] [SQLAnalysis 2be] normalized_query_array: ['use', 'db']
[17:42:05.276] [SQLAnalysis 2be] query_array to be checked: ['select', 'first_name', 'last_name', 'from', 'users', 'where', 'user_id', '=', "1'"]
[17:42:05.276] [SQLAnalysis 2be] normalized_query_array: ['select', 'firstname', 'lastname', 'from', 'users', 'where', 'userid', '', '1']
[17:42:05.276] [SQLAnalysis 2be] Getting malformed looked_value==>1' in select first_name, last_name from users where user_id = 1' *#*#error 1064: 2000you have an error in your sql syntax; check the manual that corresponds to your mysql server version for the right syntax to use near ''' at line 1
[17:42:05.277] [GENERALFUNC 2be] Found Error Query: ["SELECT first_name, last_name FROM users WHERE user_id = 1' *#*#ERROR 1064: 2000You have an error in your SQL syntax; check the manual that corresponds to your MySQL server version for the right syntax to use near ''' at line 1"] from GET http://localhost:8081/a2_control.php | ['[string (False)(None)] Sec-Fetch-Dest=document', '[string (False)(None)] Sec-Fetch-Mode=navigate', '[string (False)(None)] Sec-Fetch-Site=same-origin', '[string (False)(None)] Sec-Fetch-User=?1', '[string (False)(None)] Priority=u=0, i', '[url (False)(None)] path0=a2_control.php', "[int (False)(None)] id=1'", '[string (False)(None)] Submit=Submit'] | None
[17:42:05.277] [GENERALFUNC 2be] found_value: 1'
[17:42:05.277] [SQLiFuzz 2be] Weird chars is detected: GET http://localhost:8081/a2_control.php | ['[string (False)(None)] Sec-Fetch-Dest=document', '[string (False)(None)] Sec-Fetch-Mode=navigate', '[string (False)(None)] Sec-Fetch-Site=same-origin', '[string (False)(None)] Sec-Fetch-User=?1', '[string (False)(None)] Priority=u=0, i', '[url (False)(None)] path0=a2_control.php', "[int (False)(None)] id=1'", '[string (False)(None)] Submit=Submit'] | None --> ["select first_name, last_name from users where user_id = 1' *#*#error 1064: 2000you have an error in your sql syntax; check the manual that corresponds to your mysql server version for the right syntax to use near ''' at line 1"]
[17:42:05.277] [SQLiFuzz 2be] SQL Injection is detected: GET http://localhost:8081/a2_control.php | ['[string (False)(None)] Sec-Fetch-Dest=document', '[string (False)(None)] Sec-Fetch-Mode=navigate', '[string (False)(None)] Sec-Fetch-Site=same-origin', '[string (False)(None)] Sec-Fetch-User=?1', '[string (False)(None)] Priority=u=0, i', '[url (False)(None)] path0=a2_control.php', "[int (False)(None)] id=1'", '[string (False)(None)] Submit=Submit'] | None ==> select first_name, last_name from users where user_id = 1' *#*#error 1064: 2000you have an error in your sql syntax; check the manual that corresponds to your mysql server version for the right syntax to use near ''' at line 1
[SQLiFuzz 2be] SQL Injection is detected: GET http://localhost:8081/a2_control.php | ['[string (False)(None)] Sec-Fetch-Dest=document', '[string (False)(None)] Sec-Fetch-Mode=navigate', '[string (False)(None)] Sec-Fetch-Site=same-origin', '[string (False)(None)] Sec-Fetch-User=?1', '[string (False)(None)] Priority=u=0, i', '[url (False)(None)] path0=a2_control.php', "[int (False)(None)] id=1'", '[string (False)(None)] Submit=Submit'] | None
[17:42:05.277] [SQLICollection] Result will be saved in final_result/dvwa--emmalee-VMware-Virtual-Platform-1790977302.txt
[17:42:05.277] [SQLICollection] Statistics: {'total_req': 2, 'sql_req': 1, 'null_req': 0, 'not_sql_req': 1, 'sql_injection_detected': 1, 'another_sql_error_detected': 0, 'sql_req_not_detected': 0, 'error_req': 0, 'fuzzed_req': 2, 'processing_time_total': 0.077361, 'processing_time_ave': 0.0386805, 'running_time': 'Not finished yet', 200: 2}
[17:42:05.290] [HOOK e0b] Completed fuzz (remaining: 0)
[17:42:06.844][127.0.0.1:42166] server disconnect localhost:8081 (127.0.0.1:8081)
[17:42:08.035][127.0.0.1:42166] client disconnect
[17:44:22.753] [HOOK] Idle timeout (120s) reached with no pending tasks. Initiating shutdown...
[HOOK] Idle timeout reached. Saving results and shutting down...
[17:44:22.754] 


-----FINAL RESULT------
FINAL RESULT
[17:44:22.754] ###Matched SQL Injection Detected: [METHOD] | [URL] | [PARAMS] | [POST_DATA] [MATCHED_PAYLOAD] ==> [SQL_DETECTED] || [ERROR_SQL_DETECTED]

###Matched SQL Injection Detected: [METHOD] | [URL] | [PARAMS] | [POST_DATA] [MATCHED_PAYLOAD] ==> [SQL_DETECTED] || [ERROR_SQL_DETECTED]

[17:44:22.754] 1. GET | http://localhost:8081/a2_control.php | Submit=Submit&id=1%27 |  [1'] ==> select first_name, last_name from users where user_id = 1' *#*#error 1064: 2000you have an error in your sql syntax; check the manual that corresponds to your mysql server version for the right syntax to use near ''' at line 1

1. GET | http://localhost:8081/a2_control.php | Submit=Submit&id=1%27 |  [1'] ==> select first_name, last_name from users where user_id = 1' *#*#error 1064: 2000you have an error in your sql syntax; check the manual that corresponds to your mysql server version for the right syntax to use near ''' at line 1

[17:44:22.754] [SQLICollection] Result will be saved in final_result/FR/FR-dvwa--emmalee-VMware-Virtual-Platform-1790977302.txt
[17:44:22.754] [SQLICollection] Statistics: {'total_req': 2, 'sql_req': 1, 'null_req': 0, 'not_sql_req': 1, 'sql_injection_detected': 1, 'another_sql_error_detected': 0, 'sql_req_not_detected': 0, 'error_req': 0, 'fuzzed_req': 2, 'processing_time_total': 0.077361, 'processing_time_ave': 0.0386805, 'running_time': '0:02:40.028920', 200: 2}
[17:44:22.754] [HOOK] FINISH on 2026-10-02 17:44:22.754020. Total run time: 0:02:40.028920
[HOOK] FINISH on 2026-10-02 17:44:22.754020. Total run time: 0:02:40.028920
